// Jest Snapshot v1, https://goo.gl/fbAQLP

exports[`complex working sample should match the snapshot 1`] = `
<Navigator
  routes={
    Object {
      "app-home.HOME": Object {
        "screen": [Function],
      },
      "app-login.LOGIN": Object {
        "screen": [Function],
      },
      "app-login.LOGIN_SUCCESS": Object {
        "screen": [Function],
      },
      "app-offers.DETAILS": Object {
        "screen": [Function],
      },
      "app-offers.LIST": Object {
        "screen": [Function],
      },
      "app-profil.SECURITY": Object {
        "screen": [Function],
      },
      "app-profil.SETTINGS": Object {
        "screen": [Function],
      },
      "app-subscription.FORM": Object {
        "screen": [Function],
      },
      "app-subscription.START": Object {
        "screen": [Function],
      },
      "app.START": Object {
        "screen": [Function],
      },
      "home": Object {
        "screen": [Function],
      },
    }
  }
/>
`;
