// Jest Snapshot v1, https://goo.gl/fbAQLP

exports[`complex working sample should match snapshot (buildRoutes function) 1`] = `
Array [
  Object {
    "children": Array [
      Object {
        "children": undefined,
        "name": "app.START",
      },
    ],
    "name": "startup",
  },
  Object {
    "children": Array [
      Object {
        "children": undefined,
        "name": "app-login.LOGIN",
      },
      Object {
        "children": undefined,
        "name": "app-login.LOGIN_SUCCESS",
      },
      Object {
        "children": undefined,
        "name": "app-subscription.START",
      },
      Object {
        "children": undefined,
        "name": "app-subscription.FORM",
      },
    ],
    "name": "unauth",
  },
  Object {
    "children": Array [
      Object {
        "children": Array [
          Object {
            "children": undefined,
            "name": "home",
          },
        ],
        "name": "realytricky",
      },
      Object {
        "children": undefined,
        "name": "app-home.HOME",
      },
      Object {
        "children": undefined,
        "name": "app-profil.SETTINGS",
      },
      Object {
        "children": undefined,
        "name": "app-profil.SECURITY",
      },
      Object {
        "children": undefined,
        "name": "app-offers.LIST",
      },
      Object {
        "children": undefined,
        "name": "app-offers.DETAILS",
      },
    ],
    "name": "auth",
  },
]
`;

exports[`complex working sample should match the snapshot 1`] = `<AppContainer />`;
